[환경] torch=2.11.0+cu128 device=cuda fusion=stacking
[baseline/HTN] clinic4 internal OOF AUC=0.7953
[stacking/HTN stage1 1/2] {'head_hidden': 16} curve_only_AUC=0.6901 stacked_AUC=0.8018 (delta=+0.0065)
[stacking/HTN stage1 2/2] {'head_hidden': 32} curve_only_AUC=0.6508 stacked_AUC=0.7875 (delta=-0.0078)
[stacking/HTN stage2-refine] {'head_hidden': 16} stacked_AUC=0.8025 (delta=+0.0072)
[stacking/HTN stage2-refine] {'head_hidden': 32} stacked_AUC=0.7952 (delta=-0.0001)
[stacking/HTN 선택] {'head_hidden': 16} stacked_internal_OOF_AUC=0.8025 (delta=+0.0072)
Saved loss curve to C:\Users\jhjun\OneDrive\Desktop\Clinical_Study\outputs\arch_day9_stacking\loss_curve_HTN.png
[stacking/HTN external] clinic4 AUC=0.7177 / stacking AUC=0.7230
[stacking vs clinic4 / HTN / internal] delta_auc=+0.0072 p=0.0404
[stacking vs clinic4 / HTN / external] delta_auc=+0.0053 p=0.1614
[baseline/DM] clinic4 internal OOF AUC=0.7186
[stacking/DM stage1 1/2] {'head_hidden': 16} curve_only_AUC=0.6348 stacked_AUC=0.6997 (delta=-0.0189)
[stacking/DM stage1 2/2] {'head_hidden': 32} curve_only_AUC=0.6072 stacked_AUC=0.6893 (delta=-0.0293)
[stacking/DM stage2-refine] {'head_hidden': 16} stacked_AUC=0.7153 (delta=-0.0032)
[stacking/DM stage2-refine] {'head_hidden': 32} stacked_AUC=0.7065 (delta=-0.0120)
[stacking/DM 선택] {'head_hidden': 16} stacked_internal_OOF_AUC=0.7153 (delta=-0.0032)
Saved loss curve to C:\Users\jhjun\OneDrive\Desktop\Clinical_Study\outputs\arch_day9_stacking\loss_curve_DM.png
[stacking/DM external] clinic4 AUC=0.6655 / stacking AUC=0.6645
[stacking vs clinic4 / DM / internal] delta_auc=-0.0032 p=0.6377
[stacking vs clinic4 / DM / external] delta_auc=-0.0010 p=0.8589
[baseline/CKD] clinic4 internal OOF AUC=0.7661
[stacking/CKD stage1 1/2] {'head_hidden': 16} curve_only_AUC=0.6527 stacked_AUC=0.7494 (delta=-0.0167)
[stacking/CKD stage1 2/2] {'head_hidden': 32} curve_only_AUC=0.6155 stacked_AUC=0.7034 (delta=-0.0627)
[stacking/CKD stage2-refine] {'head_hidden': 16} stacked_AUC=0.7300 (delta=-0.0361)
[stacking/CKD stage2-refine] {'head_hidden': 32} stacked_AUC=0.7448 (delta=-0.0213)
[stacking/CKD 선택] {'head_hidden': 32} stacked_internal_OOF_AUC=0.7448 (delta=-0.0213)
Saved loss curve to C:\Users\jhjun\OneDrive\Desktop\Clinical_Study\outputs\arch_day9_stacking\loss_curve_CKD.png
[stacking/CKD external] clinic4 AUC=0.6156 / stacking AUC=0.6309
[stacking vs clinic4 / CKD / internal] delta_auc=-0.0213 p=0.0480
[stacking vs clinic4 / CKD / external] delta_auc=+0.0153 p=0.1000
Saved comparison plot to C:\Users\jhjun\OneDrive\Desktop\Clinical_Study\outputs\arch_day9_stacking\classification_auc_comparison.png
[stacking] 결과 저장 완료: C:\Users\jhjun\OneDrive\Desktop\Clinical_Study\outputs\arch_day9_stacking
