[환경] torch=2.11.0+cu128 device=cuda fusion=transformer features=['HTN', 'DM', 'CKD']
internal n=1259, external n=1123
[transformer] fusion-specific grid: 16개 조합 (backbone={'curve_prep': 'patient_zscore', 'channels': (128, 256, 128), 'kernel_sizes': (11, 9, 7), 'dropout': 0.6, 'embed_dim': 8, 'augment_std': 0.05, 'lr': 0.003, 'weight_decay': 0.001, 'batch_size': 64} 고정)
[baseline/HTN] clinic4 internal OOF AUC=0.7953
[transformer/HTN stage1 1/16] {'d_model': 16, 'nhead': 2, 'num_layers': 1, 'head_hidden': 16} internal_OOF_AUC=0.7919 (delta=-0.0034)
[transformer/HTN stage1 2/16] {'d_model': 16, 'nhead': 2, 'num_layers': 1, 'head_hidden': 32} internal_OOF_AUC=0.7876 (delta=-0.0077)
[transformer/HTN stage1 3/16] {'d_model': 16, 'nhead': 2, 'num_layers': 2, 'head_hidden': 16} internal_OOF_AUC=0.7911 (delta=-0.0042)
[transformer/HTN stage1 4/16] {'d_model': 16, 'nhead': 2, 'num_layers': 2, 'head_hidden': 32} internal_OOF_AUC=0.7908 (delta=-0.0045)
[transformer/HTN stage1 5/16] {'d_model': 16, 'nhead': 4, 'num_layers': 1, 'head_hidden': 16} internal_OOF_AUC=0.7932 (delta=-0.0021)
[transformer/HTN stage1 6/16] {'d_model': 16, 'nhead': 4, 'num_layers': 1, 'head_hidden': 32} internal_OOF_AUC=0.7910 (delta=-0.0043)
[transformer/HTN stage1 7/16] {'d_model': 16, 'nhead': 4, 'num_layers': 2, 'head_hidden': 16} internal_OOF_AUC=0.7919 (delta=-0.0034)
[transformer/HTN stage1 8/16] {'d_model': 16, 'nhead': 4, 'num_layers': 2, 'head_hidden': 32} internal_OOF_AUC=0.7888 (delta=-0.0065)
[transformer/HTN stage1 9/16] {'d_model': 32, 'nhead': 2, 'num_layers': 1, 'head_hidden': 16} internal_OOF_AUC=0.7840 (delta=-0.0114)
[transformer/HTN stage1 10/16] {'d_model': 32, 'nhead': 2, 'num_layers': 1, 'head_hidden': 32} internal_OOF_AUC=0.7876 (delta=-0.0078)
[transformer/HTN stage1 11/16] {'d_model': 32, 'nhead': 2, 'num_layers': 2, 'head_hidden': 16} internal_OOF_AUC=0.7901 (delta=-0.0052)
[transformer/HTN stage1 12/16] {'d_model': 32, 'nhead': 2, 'num_layers': 2, 'head_hidden': 32} internal_OOF_AUC=0.7883 (delta=-0.0070)
[transformer/HTN stage1 13/16] {'d_model': 32, 'nhead': 4, 'num_layers': 1, 'head_hidden': 16} internal_OOF_AUC=0.7859 (delta=-0.0094)
[transformer/HTN stage1 14/16] {'d_model': 32, 'nhead': 4, 'num_layers': 1, 'head_hidden': 32} internal_OOF_AUC=0.7861 (delta=-0.0092)
[transformer/HTN stage1 15/16] {'d_model': 32, 'nhead': 4, 'num_layers': 2, 'head_hidden': 16} internal_OOF_AUC=0.7861 (delta=-0.0092)
[transformer/HTN stage1 16/16] {'d_model': 32, 'nhead': 4, 'num_layers': 2, 'head_hidden': 32} internal_OOF_AUC=0.7884 (delta=-0.0069)
[transformer/HTN stage2-refine] {'d_model': 16, 'nhead': 4, 'num_layers': 1, 'head_hidden': 16} internal_OOF_AUC=0.7962 (delta=+0.0009, ensemble=3)
[transformer/HTN stage2-refine] {'d_model': 16, 'nhead': 2, 'num_layers': 1, 'head_hidden': 16} internal_OOF_AUC=0.7913 (delta=-0.0040, ensemble=3)
[transformer/HTN stage2-refine] {'d_model': 16, 'nhead': 4, 'num_layers': 2, 'head_hidden': 16} internal_OOF_AUC=0.7905 (delta=-0.0048, ensemble=3)
[transformer/HTN 선택] {'d_model': 16, 'nhead': 4, 'num_layers': 1, 'head_hidden': 16} internal_OOF_AUC=0.7962 (delta=+0.0009 vs clinic4)
[transformer/HTN external, 1회 동결평가] clinic4 AUC=0.7177 95%CI=[0.6874, 0.7489] / transformer AUC=0.7233 95%CI=[0.6940, 0.7546]
[transformer vs clinic4 / HTN / internal] delta_auc=+0.0009 z=0.3494 p=0.7268
[transformer vs clinic4 / HTN / external] delta_auc=+0.0056 z=2.3687 p=0.0179
[baseline/DM] clinic4 internal OOF AUC=0.7186
[transformer/DM stage1 1/16] {'d_model': 16, 'nhead': 2, 'num_layers': 1, 'head_hidden': 16} internal_OOF_AUC=0.6966 (delta=-0.0220)
[transformer/DM stage1 2/16] {'d_model': 16, 'nhead': 2, 'num_layers': 1, 'head_hidden': 32} internal_OOF_AUC=0.7186 (delta=+0.0000)
[transformer/DM stage1 3/16] {'d_model': 16, 'nhead': 2, 'num_layers': 2, 'head_hidden': 16} internal_OOF_AUC=0.6911 (delta=-0.0275)
[transformer/DM stage1 4/16] {'d_model': 16, 'nhead': 2, 'num_layers': 2, 'head_hidden': 32} internal_OOF_AUC=0.7101 (delta=-0.0085)
[transformer/DM stage1 5/16] {'d_model': 16, 'nhead': 4, 'num_layers': 1, 'head_hidden': 16} internal_OOF_AUC=0.6929 (delta=-0.0257)
[transformer/DM stage1 6/16] {'d_model': 16, 'nhead': 4, 'num_layers': 1, 'head_hidden': 32} internal_OOF_AUC=0.7115 (delta=-0.0071)
[transformer/DM stage1 7/16] {'d_model': 16, 'nhead': 4, 'num_layers': 2, 'head_hidden': 16} internal_OOF_AUC=0.6788 (delta=-0.0397)
[transformer/DM stage1 8/16] {'d_model': 16, 'nhead': 4, 'num_layers': 2, 'head_hidden': 32} internal_OOF_AUC=0.7123 (delta=-0.0063)
[transformer/DM stage1 9/16] {'d_model': 32, 'nhead': 2, 'num_layers': 1, 'head_hidden': 16} internal_OOF_AUC=0.6801 (delta=-0.0384)
[transformer/DM stage1 10/16] {'d_model': 32, 'nhead': 2, 'num_layers': 1, 'head_hidden': 32} internal_OOF_AUC=0.7173 (delta=-0.0013)
[transformer/DM stage1 11/16] {'d_model': 32, 'nhead': 2, 'num_layers': 2, 'head_hidden': 16} internal_OOF_AUC=0.7145 (delta=-0.0040)
[transformer/DM stage1 12/16] {'d_model': 32, 'nhead': 2, 'num_layers': 2, 'head_hidden': 32} internal_OOF_AUC=0.7149 (delta=-0.0037)
[transformer/DM stage1 13/16] {'d_model': 32, 'nhead': 4, 'num_layers': 1, 'head_hidden': 16} internal_OOF_AUC=0.7184 (delta=-0.0001)
[transformer/DM stage1 14/16] {'d_model': 32, 'nhead': 4, 'num_layers': 1, 'head_hidden': 32} internal_OOF_AUC=0.7142 (delta=-0.0044)
[transformer/DM stage1 15/16] {'d_model': 32, 'nhead': 4, 'num_layers': 2, 'head_hidden': 16} internal_OOF_AUC=0.6854 (delta=-0.0331)
[transformer/DM stage1 16/16] {'d_model': 32, 'nhead': 4, 'num_layers': 2, 'head_hidden': 32} internal_OOF_AUC=0.7173 (delta=-0.0013)
[transformer/DM stage2-refine] {'d_model': 16, 'nhead': 2, 'num_layers': 1, 'head_hidden': 32} internal_OOF_AUC=0.7166 (delta=-0.0019, ensemble=3)
[transformer/DM stage2-refine] {'d_model': 32, 'nhead': 4, 'num_layers': 1, 'head_hidden': 16} internal_OOF_AUC=0.7151 (delta=-0.0034, ensemble=3)
[transformer/DM stage2-refine] {'d_model': 32, 'nhead': 4, 'num_layers': 2, 'head_hidden': 32} internal_OOF_AUC=0.7102 (delta=-0.0083, ensemble=3)
[transformer/DM 선택] {'d_model': 16, 'nhead': 2, 'num_layers': 1, 'head_hidden': 32} internal_OOF_AUC=0.7166 (delta=-0.0019 vs clinic4)
[transformer/DM external, 1회 동결평가] clinic4 AUC=0.6655 95%CI=[0.6324, 0.6991] / transformer AUC=0.6651 95%CI=[0.6316, 0.6990]
[transformer vs clinic4 / DM / internal] delta_auc=-0.0019 z=-0.3159 p=0.7520
[transformer vs clinic4 / DM / external] delta_auc=-0.0003 z=-0.0556 p=0.9557
[baseline/CKD] clinic4 internal OOF AUC=0.7661
[transformer/CKD stage1 1/16] {'d_model': 16, 'nhead': 2, 'num_layers': 1, 'head_hidden': 16} internal_OOF_AUC=0.7134 (delta=-0.0527)
[transformer/CKD stage1 2/16] {'d_model': 16, 'nhead': 2, 'num_layers': 1, 'head_hidden': 32} internal_OOF_AUC=0.7624 (delta=-0.0037)
[transformer/CKD stage1 3/16] {'d_model': 16, 'nhead': 2, 'num_layers': 2, 'head_hidden': 16} internal_OOF_AUC=0.7185 (delta=-0.0476)
[transformer/CKD stage1 4/16] {'d_model': 16, 'nhead': 2, 'num_layers': 2, 'head_hidden': 32} internal_OOF_AUC=0.7783 (delta=+0.0122)
[transformer/CKD stage1 5/16] {'d_model': 16, 'nhead': 4, 'num_layers': 1, 'head_hidden': 16} internal_OOF_AUC=0.7146 (delta=-0.0515)
[transformer/CKD stage1 6/16] {'d_model': 16, 'nhead': 4, 'num_layers': 1, 'head_hidden': 32} internal_OOF_AUC=0.7622 (delta=-0.0039)
[transformer/CKD stage1 7/16] {'d_model': 16, 'nhead': 4, 'num_layers': 2, 'head_hidden': 16} internal_OOF_AUC=0.7490 (delta=-0.0171)
[transformer/CKD stage1 8/16] {'d_model': 16, 'nhead': 4, 'num_layers': 2, 'head_hidden': 32} internal_OOF_AUC=0.7791 (delta=+0.0131)
[transformer/CKD stage1 9/16] {'d_model': 32, 'nhead': 2, 'num_layers': 1, 'head_hidden': 16} internal_OOF_AUC=0.7239 (delta=-0.0422)
[transformer/CKD stage1 10/16] {'d_model': 32, 'nhead': 2, 'num_layers': 1, 'head_hidden': 32} internal_OOF_AUC=0.7481 (delta=-0.0180)
[transformer/CKD stage1 11/16] {'d_model': 32, 'nhead': 2, 'num_layers': 2, 'head_hidden': 16} internal_OOF_AUC=0.6891 (delta=-0.0770)
[transformer/CKD stage1 12/16] {'d_model': 32, 'nhead': 2, 'num_layers': 2, 'head_hidden': 32} internal_OOF_AUC=0.7558 (delta=-0.0103)
[transformer/CKD stage1 13/16] {'d_model': 32, 'nhead': 4, 'num_layers': 1, 'head_hidden': 16} internal_OOF_AUC=0.7474 (delta=-0.0186)
[transformer/CKD stage1 14/16] {'d_model': 32, 'nhead': 4, 'num_layers': 1, 'head_hidden': 32} internal_OOF_AUC=0.7626 (delta=-0.0035)
[transformer/CKD stage1 15/16] {'d_model': 32, 'nhead': 4, 'num_layers': 2, 'head_hidden': 16} internal_OOF_AUC=0.7423 (delta=-0.0238)
[transformer/CKD stage1 16/16] {'d_model': 32, 'nhead': 4, 'num_layers': 2, 'head_hidden': 32} internal_OOF_AUC=0.7648 (delta=-0.0013)
[transformer/CKD stage2-refine] {'d_model': 16, 'nhead': 4, 'num_layers': 2, 'head_hidden': 32} internal_OOF_AUC=0.7669 (delta=+0.0008, ensemble=3)
[transformer/CKD stage2-refine] {'d_model': 16, 'nhead': 2, 'num_layers': 2, 'head_hidden': 32} internal_OOF_AUC=0.7629 (delta=-0.0032, ensemble=3)
[transformer/CKD stage2-refine] {'d_model': 32, 'nhead': 4, 'num_layers': 2, 'head_hidden': 32} internal_OOF_AUC=0.7651 (delta=-0.0010, ensemble=3)
[transformer/CKD 선택] {'d_model': 16, 'nhead': 4, 'num_layers': 2, 'head_hidden': 32} internal_OOF_AUC=0.7669 (delta=+0.0008 vs clinic4)
[transformer/CKD external, 1회 동결평가] clinic4 AUC=0.6156 95%CI=[0.5713, 0.6618] / transformer AUC=0.6149 95%CI=[0.5689, 0.6608]
[transformer vs clinic4 / CKD / internal] delta_auc=+0.0008 z=0.1069 p=0.9148
[transformer vs clinic4 / CKD / external] delta_auc=-0.0007 z=-0.1688 p=0.8659
Saved stage1/stage2 search to C:\Users\jhjun\OneDrive\Desktop\Clinical_Study\outputs\arch_day2_transformer
Saved classification summary to C:\Users\jhjun\OneDrive\Desktop\Clinical_Study\outputs\arch_day2_transformer\classification_summary.csv
Saved DeLong comparison to C:\Users\jhjun\OneDrive\Desktop\Clinical_Study\outputs\arch_day2_transformer\delong_vs_clinic4.csv
Saved comparison plot to C:\Users\jhjun\OneDrive\Desktop\Clinical_Study\outputs\arch_day2_transformer\classification_auc_comparison.png
[transformer] 결과 저장 완료: C:\Users\jhjun\OneDrive\Desktop\Clinical_Study\outputs\arch_day2_transformer
