[환경] torch=2.11.0+cu128 device=cuda fusion=residual_target
[baseline/HTN] clinic4 internal OOF AUC=0.7953
[residual_target/HTN stage1 1/4] {'embed_dim': 8, 'residual_hidden': 0} internal_OOF_AUC=0.7943 (delta=-0.0010)
[residual_target/HTN stage1 2/4] {'embed_dim': 8, 'residual_hidden': 16} internal_OOF_AUC=0.7991 (delta=+0.0038)
[residual_target/HTN stage1 3/4] {'embed_dim': 16, 'residual_hidden': 0} internal_OOF_AUC=0.7999 (delta=+0.0046)
[residual_target/HTN stage1 4/4] {'embed_dim': 16, 'residual_hidden': 16} internal_OOF_AUC=0.7979 (delta=+0.0025)
[residual_target/HTN stage2-refine] {'embed_dim': 16, 'residual_hidden': 0} internal_OOF_AUC=0.7985 (delta=+0.0032)
[residual_target/HTN stage2-refine] {'embed_dim': 8, 'residual_hidden': 16} internal_OOF_AUC=0.7981 (delta=+0.0028)
[residual_target/HTN stage2-refine] {'embed_dim': 16, 'residual_hidden': 16} internal_OOF_AUC=0.7987 (delta=+0.0034)
[residual_target/HTN 선택] {'embed_dim': 16, 'residual_hidden': 16} internal_OOF_AUC=0.7987 (delta=+0.0034)
Saved loss curve to C:\Users\jhjun\OneDrive\Desktop\Clinical_Study\outputs\arch_day7_residual_target\loss_curve_HTN.png
[residual_target/HTN external] clinic4 AUC=0.7177 / residual_target AUC=0.7191
[residual_target vs clinic4 / HTN / internal] delta_auc=+0.0034 p=0.1451
[residual_target vs clinic4 / HTN / external] delta_auc=+0.0014 p=0.5016
[baseline/DM] clinic4 internal OOF AUC=0.7186
[residual_target/DM stage1 1/4] {'embed_dim': 8, 'residual_hidden': 0} internal_OOF_AUC=0.7081 (delta=-0.0104)
[residual_target/DM stage1 2/4] {'embed_dim': 8, 'residual_hidden': 16} internal_OOF_AUC=0.7031 (delta=-0.0155)
[residual_target/DM stage1 3/4] {'embed_dim': 16, 'residual_hidden': 0} internal_OOF_AUC=0.7192 (delta=+0.0006)
[residual_target/DM stage1 4/4] {'embed_dim': 16, 'residual_hidden': 16} internal_OOF_AUC=0.7208 (delta=+0.0022)
[residual_target/DM stage2-refine] {'embed_dim': 16, 'residual_hidden': 16} internal_OOF_AUC=0.7254 (delta=+0.0068)
[residual_target/DM stage2-refine] {'embed_dim': 16, 'residual_hidden': 0} internal_OOF_AUC=0.7191 (delta=+0.0005)
[residual_target/DM stage2-refine] {'embed_dim': 8, 'residual_hidden': 0} internal_OOF_AUC=0.7244 (delta=+0.0058)
[residual_target/DM 선택] {'embed_dim': 16, 'residual_hidden': 16} internal_OOF_AUC=0.7254 (delta=+0.0068)
Saved loss curve to C:\Users\jhjun\OneDrive\Desktop\Clinical_Study\outputs\arch_day7_residual_target\loss_curve_DM.png
[residual_target/DM external] clinic4 AUC=0.6655 / residual_target AUC=0.6677
[residual_target vs clinic4 / DM / internal] delta_auc=+0.0068 p=0.0596
[residual_target vs clinic4 / DM / external] delta_auc=+0.0022 p=0.4282
[baseline/CKD] clinic4 internal OOF AUC=0.7661
[residual_target/CKD stage1 1/4] {'embed_dim': 8, 'residual_hidden': 0} internal_OOF_AUC=0.6785 (delta=-0.0876)
[residual_target/CKD stage1 2/4] {'embed_dim': 8, 'residual_hidden': 16} internal_OOF_AUC=0.7167 (delta=-0.0494)
[residual_target/CKD stage1 3/4] {'embed_dim': 16, 'residual_hidden': 0} internal_OOF_AUC=0.7481 (delta=-0.0180)
[residual_target/CKD stage1 4/4] {'embed_dim': 16, 'residual_hidden': 16} internal_OOF_AUC=0.7583 (delta=-0.0078)
[residual_target/CKD stage2-refine] {'embed_dim': 16, 'residual_hidden': 16} internal_OOF_AUC=0.7766 (delta=+0.0105)
[residual_target/CKD stage2-refine] {'embed_dim': 16, 'residual_hidden': 0} internal_OOF_AUC=0.7490 (delta=-0.0171)
[residual_target/CKD stage2-refine] {'embed_dim': 8, 'residual_hidden': 16} internal_OOF_AUC=0.7695 (delta=+0.0034)
[residual_target/CKD 선택] {'embed_dim': 16, 'residual_hidden': 16} internal_OOF_AUC=0.7766 (delta=+0.0105)
Saved loss curve to C:\Users\jhjun\OneDrive\Desktop\Clinical_Study\outputs\arch_day7_residual_target\loss_curve_CKD.png
[residual_target/CKD external] clinic4 AUC=0.6156 / residual_target AUC=0.6187
[residual_target vs clinic4 / CKD / internal] delta_auc=+0.0105 p=0.2127
[residual_target vs clinic4 / CKD / external] delta_auc=+0.0031 p=0.2377
Saved comparison plot to C:\Users\jhjun\OneDrive\Desktop\Clinical_Study\outputs\arch_day7_residual_target\classification_auc_comparison.png
[residual_target] 결과 저장 완료: C:\Users\jhjun\OneDrive\Desktop\Clinical_Study\outputs\arch_day7_residual_target
