[환경] torch=2.11.0+cu128 device=cuda fusion=frequency
[baseline/HTN] clinic4 internal OOF AUC=0.7953
[frequency/HTN stage1 1/4] {'freq_hidden': 16, 'head_hidden': 16} internal_OOF_AUC=0.7859 (delta=-0.0094)
[frequency/HTN stage1 2/4] {'freq_hidden': 16, 'head_hidden': 32} internal_OOF_AUC=0.7783 (delta=-0.0170)
[frequency/HTN stage1 3/4] {'freq_hidden': 32, 'head_hidden': 16} internal_OOF_AUC=0.7779 (delta=-0.0174)
[frequency/HTN stage1 4/4] {'freq_hidden': 32, 'head_hidden': 32} internal_OOF_AUC=0.7731 (delta=-0.0222)
[frequency/HTN stage2-refine] {'freq_hidden': 16, 'head_hidden': 16} internal_OOF_AUC=0.7920 (delta=-0.0033)
[frequency/HTN stage2-refine] {'freq_hidden': 16, 'head_hidden': 32} internal_OOF_AUC=0.7928 (delta=-0.0025)
[frequency/HTN stage2-refine] {'freq_hidden': 32, 'head_hidden': 16} internal_OOF_AUC=0.7921 (delta=-0.0032)
[frequency/HTN 선택] {'freq_hidden': 16, 'head_hidden': 32} internal_OOF_AUC=0.7928 (delta=-0.0025)
Saved loss curve to C:\Users\jhjun\OneDrive\Desktop\Clinical_Study\outputs\arch_day10_frequency\loss_curve_HTN.png
[frequency/HTN external] clinic4 AUC=0.7177 / frequency AUC=0.7226
[frequency vs clinic4 / HTN / internal] delta_auc=-0.0025 p=0.3619
[frequency vs clinic4 / HTN / external] delta_auc=+0.0049 p=0.0386
[baseline/DM] clinic4 internal OOF AUC=0.7186
[frequency/DM stage1 1/4] {'freq_hidden': 16, 'head_hidden': 16} internal_OOF_AUC=0.7123 (delta=-0.0062)
[frequency/DM stage1 2/4] {'freq_hidden': 16, 'head_hidden': 32} internal_OOF_AUC=0.6894 (delta=-0.0292)
[frequency/DM stage1 3/4] {'freq_hidden': 32, 'head_hidden': 16} internal_OOF_AUC=0.7126 (delta=-0.0059)
[frequency/DM stage1 4/4] {'freq_hidden': 32, 'head_hidden': 32} internal_OOF_AUC=0.7180 (delta=-0.0005)
[frequency/DM stage2-refine] {'freq_hidden': 32, 'head_hidden': 32} internal_OOF_AUC=0.7137 (delta=-0.0048)
[frequency/DM stage2-refine] {'freq_hidden': 32, 'head_hidden': 16} internal_OOF_AUC=0.7153 (delta=-0.0032)
[frequency/DM stage2-refine] {'freq_hidden': 16, 'head_hidden': 16} internal_OOF_AUC=0.7152 (delta=-0.0033)
[frequency/DM 선택] {'freq_hidden': 32, 'head_hidden': 16} internal_OOF_AUC=0.7153 (delta=-0.0032)
Saved loss curve to C:\Users\jhjun\OneDrive\Desktop\Clinical_Study\outputs\arch_day10_frequency\loss_curve_DM.png
[frequency/DM external] clinic4 AUC=0.6655 / frequency AUC=0.6585
[frequency vs clinic4 / DM / internal] delta_auc=-0.0032 p=0.5728
[frequency vs clinic4 / DM / external] delta_auc=-0.0069 p=0.0956
[baseline/CKD] clinic4 internal OOF AUC=0.7661
[frequency/CKD stage1 1/4] {'freq_hidden': 16, 'head_hidden': 16} internal_OOF_AUC=0.7187 (delta=-0.0474)
[frequency/CKD stage1 2/4] {'freq_hidden': 16, 'head_hidden': 32} internal_OOF_AUC=0.7643 (delta=-0.0018)
[frequency/CKD stage1 3/4] {'freq_hidden': 32, 'head_hidden': 16} internal_OOF_AUC=0.7472 (delta=-0.0189)
[frequency/CKD stage1 4/4] {'freq_hidden': 32, 'head_hidden': 32} internal_OOF_AUC=0.7519 (delta=-0.0142)
[frequency/CKD stage2-refine] {'freq_hidden': 16, 'head_hidden': 32} internal_OOF_AUC=0.7610 (delta=-0.0050)
[frequency/CKD stage2-refine] {'freq_hidden': 32, 'head_hidden': 32} internal_OOF_AUC=0.7523 (delta=-0.0138)
[frequency/CKD stage2-refine] {'freq_hidden': 32, 'head_hidden': 16} internal_OOF_AUC=0.7481 (delta=-0.0179)
[frequency/CKD 선택] {'freq_hidden': 16, 'head_hidden': 32} internal_OOF_AUC=0.7610 (delta=-0.0050)
Saved loss curve to C:\Users\jhjun\OneDrive\Desktop\Clinical_Study\outputs\arch_day10_frequency\loss_curve_CKD.png
[frequency/CKD external] clinic4 AUC=0.6156 / frequency AUC=0.6156
[frequency vs clinic4 / CKD / internal] delta_auc=-0.0050 p=0.6322
[frequency vs clinic4 / CKD / external] delta_auc=-0.0000 p=0.9982
Saved comparison plot to C:\Users\jhjun\OneDrive\Desktop\Clinical_Study\outputs\arch_day10_frequency\classification_auc_comparison.png
[frequency] 결과 저장 완료: C:\Users\jhjun\OneDrive\Desktop\Clinical_Study\outputs\arch_day10_frequency
