[환경] torch=2.11.0+cu128 device=cuda fusion=multitask
[baseline/HTN] clinic4 internal OOF AUC=0.7953
[baseline/DM] clinic4 internal OOF AUC=0.7186
[baseline/CKD] clinic4 internal OOF AUC=0.7661
[multitask stage1 1/4] {'embed_dim': 8, 'head_hidden': 16} aucs(HTN/DM/CKD)=[0.7838 0.7202 0.7469] mean_delta=-0.0097
[multitask stage1 2/4] {'embed_dim': 8, 'head_hidden': 32} aucs(HTN/DM/CKD)=[0.7647 0.7088 0.7142] mean_delta=-0.0308
[multitask stage1 3/4] {'embed_dim': 16, 'head_hidden': 16} aucs(HTN/DM/CKD)=[0.7748 0.7146 0.734 ] mean_delta=-0.0189
[multitask stage1 4/4] {'embed_dim': 16, 'head_hidden': 32} aucs(HTN/DM/CKD)=[0.7636 0.7055 0.7095] mean_delta=-0.0338
[multitask stage2-refine] {'embed_dim': 8, 'head_hidden': 16} aucs(HTN/DM/CKD)=[0.7836 0.71   0.7368] mean_delta=-0.0165
[multitask stage2-refine] {'embed_dim': 16, 'head_hidden': 16} aucs(HTN/DM/CKD)=[0.7888 0.7253 0.7469] mean_delta=-0.0063
[multitask stage2-refine] {'embed_dim': 8, 'head_hidden': 32} aucs(HTN/DM/CKD)=[0.7916 0.7235 0.741 ] mean_delta=-0.0079
[multitask 선택] {'embed_dim': 16, 'head_hidden': 16} mean_delta=-0.0063
Saved loss curve to C:\Users\jhjun\OneDrive\Desktop\Clinical_Study\outputs\arch_day8_multitask\loss_curve_multitask.png
[multitask/HTN external] clinic4 AUC=0.7177 / multitask AUC=0.7280
[multitask vs clinic4 / HTN / internal] delta_auc=-0.0065 p=0.2527
[multitask vs clinic4 / HTN / external] delta_auc=+0.0103 p=0.0085
[multitask/DM external] clinic4 AUC=0.6655 / multitask AUC=0.6745
[multitask vs clinic4 / DM / internal] delta_auc=+0.0067 p=0.4268
[multitask vs clinic4 / DM / external] delta_auc=+0.0090 p=0.1763
[multitask/CKD external] clinic4 AUC=0.6156 / multitask AUC=0.6269
[multitask vs clinic4 / CKD / internal] delta_auc=-0.0192 p=0.0824
[multitask vs clinic4 / CKD / external] delta_auc=+0.0113 p=0.0894
Saved comparison plot to C:\Users\jhjun\OneDrive\Desktop\Clinical_Study\outputs\arch_day8_multitask\classification_auc_comparison.png
[multitask] 결과 저장 완료: C:\Users\jhjun\OneDrive\Desktop\Clinical_Study\outputs\arch_day8_multitask
