[환경] torch=2.11.0+cu128 device=cuda fusion=inception features=['HTN', 'DM', 'CKD']
internal n=1259, external n=1123
[inception] fusion-specific grid: 8개 조합 (backbone={'curve_prep': 'patient_zscore', 'channels': (128, 256, 128), 'kernel_sizes': (11, 9, 7), 'dropout': 0.6, 'embed_dim': 8, 'augment_std': 0.05, 'lr': 0.003, 'weight_decay': 0.001, 'batch_size': 64} 고정)
[baseline/HTN] clinic4 internal OOF AUC=0.7953
[inception/HTN stage1 1/8] {'branch_channels': 8, 'n_blocks': 1, 'head_hidden': 16} internal_OOF_AUC=0.7933 (delta=-0.0020)
[inception/HTN stage1 2/8] {'branch_channels': 8, 'n_blocks': 1, 'head_hidden': 32} internal_OOF_AUC=0.7921 (delta=-0.0032)
[inception/HTN stage1 3/8] {'branch_channels': 8, 'n_blocks': 2, 'head_hidden': 16} internal_OOF_AUC=0.7895 (delta=-0.0059)
[inception/HTN stage1 4/8] {'branch_channels': 8, 'n_blocks': 2, 'head_hidden': 32} internal_OOF_AUC=0.7928 (delta=-0.0025)
[inception/HTN stage1 5/8] {'branch_channels': 16, 'n_blocks': 1, 'head_hidden': 16} internal_OOF_AUC=0.7856 (delta=-0.0097)
[inception/HTN stage1 6/8] {'branch_channels': 16, 'n_blocks': 1, 'head_hidden': 32} internal_OOF_AUC=0.7922 (delta=-0.0031)
[inception/HTN stage1 7/8] {'branch_channels': 16, 'n_blocks': 2, 'head_hidden': 16} internal_OOF_AUC=0.7899 (delta=-0.0054)
[inception/HTN stage1 8/8] {'branch_channels': 16, 'n_blocks': 2, 'head_hidden': 32} internal_OOF_AUC=0.7739 (delta=-0.0214)
[inception/HTN stage2-refine] {'branch_channels': 8, 'n_blocks': 1, 'head_hidden': 16} internal_OOF_AUC=0.7985 (delta=+0.0032, ensemble=3)
[inception/HTN stage2-refine] {'branch_channels': 8, 'n_blocks': 2, 'head_hidden': 32} internal_OOF_AUC=0.7991 (delta=+0.0038, ensemble=3)
[inception/HTN stage2-refine] {'branch_channels': 16, 'n_blocks': 1, 'head_hidden': 32} internal_OOF_AUC=0.7977 (delta=+0.0024, ensemble=3)
[inception/HTN 선택] {'branch_channels': 8, 'n_blocks': 2, 'head_hidden': 32} internal_OOF_AUC=0.7991 (delta=+0.0038 vs clinic4)
[inception/HTN external, 1회 동결평가] clinic4 AUC=0.7177 95%CI=[0.6874, 0.7489] / inception AUC=0.7293 95%CI=[0.7002, 0.7605]
[inception vs clinic4 / HTN / internal] delta_auc=+0.0038 z=0.6886 p=0.4911
[inception vs clinic4 / HTN / external] delta_auc=+0.0116 z=1.6832 p=0.0923
[baseline/DM] clinic4 internal OOF AUC=0.7186
[inception/DM stage1 1/8] {'branch_channels': 8, 'n_blocks': 1, 'head_hidden': 16} internal_OOF_AUC=0.7224 (delta=+0.0039)
[inception/DM stage1 2/8] {'branch_channels': 8, 'n_blocks': 1, 'head_hidden': 32} internal_OOF_AUC=0.7287 (delta=+0.0102)
[inception/DM stage1 3/8] {'branch_channels': 8, 'n_blocks': 2, 'head_hidden': 16} internal_OOF_AUC=0.7074 (delta=-0.0111)
[inception/DM stage1 4/8] {'branch_channels': 8, 'n_blocks': 2, 'head_hidden': 32} internal_OOF_AUC=0.7277 (delta=+0.0092)
[inception/DM stage1 5/8] {'branch_channels': 16, 'n_blocks': 1, 'head_hidden': 16} internal_OOF_AUC=0.7192 (delta=+0.0007)
[inception/DM stage1 6/8] {'branch_channels': 16, 'n_blocks': 1, 'head_hidden': 32} internal_OOF_AUC=0.7181 (delta=-0.0005)
[inception/DM stage1 7/8] {'branch_channels': 16, 'n_blocks': 2, 'head_hidden': 16} internal_OOF_AUC=0.7222 (delta=+0.0036)
[inception/DM stage1 8/8] {'branch_channels': 16, 'n_blocks': 2, 'head_hidden': 32} internal_OOF_AUC=0.7184 (delta=-0.0002)
[inception/DM stage2-refine] {'branch_channels': 8, 'n_blocks': 1, 'head_hidden': 32} internal_OOF_AUC=0.7185 (delta=-0.0001, ensemble=3)
[inception/DM stage2-refine] {'branch_channels': 8, 'n_blocks': 2, 'head_hidden': 32} internal_OOF_AUC=0.7142 (delta=-0.0044, ensemble=3)
[inception/DM stage2-refine] {'branch_channels': 8, 'n_blocks': 1, 'head_hidden': 16} internal_OOF_AUC=0.7247 (delta=+0.0061, ensemble=3)
[inception/DM 선택] {'branch_channels': 8, 'n_blocks': 1, 'head_hidden': 16} internal_OOF_AUC=0.7247 (delta=+0.0061 vs clinic4)
[inception/DM external, 1회 동결평가] clinic4 AUC=0.6655 95%CI=[0.6324, 0.6991] / inception AUC=0.6688 95%CI=[0.6352, 0.7027]
[inception vs clinic4 / DM / internal] delta_auc=+0.0061 z=1.0558 p=0.2911
[inception vs clinic4 / DM / external] delta_auc=+0.0034 z=0.5497 p=0.5825
[baseline/CKD] clinic4 internal OOF AUC=0.7661
[inception/CKD stage1 1/8] {'branch_channels': 8, 'n_blocks': 1, 'head_hidden': 16} internal_OOF_AUC=0.7301 (delta=-0.0360)
[inception/CKD stage1 2/8] {'branch_channels': 8, 'n_blocks': 1, 'head_hidden': 32} internal_OOF_AUC=0.7383 (delta=-0.0278)
[inception/CKD stage1 3/8] {'branch_channels': 8, 'n_blocks': 2, 'head_hidden': 16} internal_OOF_AUC=0.7401 (delta=-0.0260)
[inception/CKD stage1 4/8] {'branch_channels': 8, 'n_blocks': 2, 'head_hidden': 32} internal_OOF_AUC=0.7627 (delta=-0.0034)
[inception/CKD stage1 5/8] {'branch_channels': 16, 'n_blocks': 1, 'head_hidden': 16} internal_OOF_AUC=0.7406 (delta=-0.0255)
[inception/CKD stage1 6/8] {'branch_channels': 16, 'n_blocks': 1, 'head_hidden': 32} internal_OOF_AUC=0.7743 (delta=+0.0082)
[inception/CKD stage1 7/8] {'branch_channels': 16, 'n_blocks': 2, 'head_hidden': 16} internal_OOF_AUC=0.7545 (delta=-0.0116)
[inception/CKD stage1 8/8] {'branch_channels': 16, 'n_blocks': 2, 'head_hidden': 32} internal_OOF_AUC=0.7244 (delta=-0.0417)
[inception/CKD stage2-refine] {'branch_channels': 16, 'n_blocks': 1, 'head_hidden': 32} internal_OOF_AUC=0.7763 (delta=+0.0103, ensemble=3)
[inception/CKD stage2-refine] {'branch_channels': 8, 'n_blocks': 2, 'head_hidden': 32} internal_OOF_AUC=0.7640 (delta=-0.0021, ensemble=3)
[inception/CKD stage2-refine] {'branch_channels': 16, 'n_blocks': 2, 'head_hidden': 16} internal_OOF_AUC=0.7569 (delta=-0.0092, ensemble=3)
[inception/CKD 선택] {'branch_channels': 16, 'n_blocks': 1, 'head_hidden': 32} internal_OOF_AUC=0.7763 (delta=+0.0103 vs clinic4)
[inception/CKD external, 1회 동결평가] clinic4 AUC=0.6156 95%CI=[0.5713, 0.6618] / inception AUC=0.6217 95%CI=[0.5747, 0.6663]
[inception vs clinic4 / CKD / internal] delta_auc=+0.0103 z=0.9130 p=0.3612
[inception vs clinic4 / CKD / external] delta_auc=+0.0060 z=1.1646 p=0.2442
Saved stage1/stage2 search to C:\Users\jhjun\OneDrive\Desktop\Clinical_Study\outputs\arch_day5_inception
Saved classification summary to C:\Users\jhjun\OneDrive\Desktop\Clinical_Study\outputs\arch_day5_inception\classification_summary.csv
Saved DeLong comparison to C:\Users\jhjun\OneDrive\Desktop\Clinical_Study\outputs\arch_day5_inception\delong_vs_clinic4.csv
Saved comparison plot to C:\Users\jhjun\OneDrive\Desktop\Clinical_Study\outputs\arch_day5_inception\classification_auc_comparison.png
[inception] 결과 저장 완료: C:\Users\jhjun\OneDrive\Desktop\Clinical_Study\outputs\arch_day5_inception
