[환경] torch=2.11.0+cu128 device=cuda fusion=rnn features=['HTN', 'DM', 'CKD']
internal n=1259, external n=1123
[rnn] fusion-specific grid: 16개 조합 (backbone={'curve_prep': 'patient_zscore', 'channels': (128, 256, 128), 'kernel_sizes': (11, 9, 7), 'dropout': 0.6, 'embed_dim': 8, 'augment_std': 0.05, 'lr': 0.003, 'weight_decay': 0.001, 'batch_size': 64} 고정)
[baseline/HTN] clinic4 internal OOF AUC=0.7953
[rnn/HTN stage1 1/16] {'rnn_type': 'gru', 'hidden_size': 16, 'num_layers': 1, 'head_hidden': 16} internal_OOF_AUC=0.7948 (delta=-0.0005)
[rnn/HTN stage1 2/16] {'rnn_type': 'gru', 'hidden_size': 16, 'num_layers': 1, 'head_hidden': 32} internal_OOF_AUC=0.7935 (delta=-0.0018)
[rnn/HTN stage1 3/16] {'rnn_type': 'gru', 'hidden_size': 16, 'num_layers': 2, 'head_hidden': 16} internal_OOF_AUC=0.7954 (delta=+0.0001)
[rnn/HTN stage1 4/16] {'rnn_type': 'gru', 'hidden_size': 16, 'num_layers': 2, 'head_hidden': 32} internal_OOF_AUC=0.7970 (delta=+0.0017)
[rnn/HTN stage1 5/16] {'rnn_type': 'gru', 'hidden_size': 32, 'num_layers': 1, 'head_hidden': 16} internal_OOF_AUC=0.7956 (delta=+0.0002)
[rnn/HTN stage1 6/16] {'rnn_type': 'gru', 'hidden_size': 32, 'num_layers': 1, 'head_hidden': 32} internal_OOF_AUC=0.7680 (delta=-0.0273)
[rnn/HTN stage1 7/16] {'rnn_type': 'gru', 'hidden_size': 32, 'num_layers': 2, 'head_hidden': 16} internal_OOF_AUC=0.7779 (delta=-0.0174)
[rnn/HTN stage1 8/16] {'rnn_type': 'gru', 'hidden_size': 32, 'num_layers': 2, 'head_hidden': 32} internal_OOF_AUC=0.7728 (delta=-0.0225)
[rnn/HTN stage1 9/16] {'rnn_type': 'lstm', 'hidden_size': 16, 'num_layers': 1, 'head_hidden': 16} internal_OOF_AUC=0.7907 (delta=-0.0046)
[rnn/HTN stage1 10/16] {'rnn_type': 'lstm', 'hidden_size': 16, 'num_layers': 1, 'head_hidden': 32} internal_OOF_AUC=0.7710 (delta=-0.0243)
[rnn/HTN stage1 11/16] {'rnn_type': 'lstm', 'hidden_size': 16, 'num_layers': 2, 'head_hidden': 16} internal_OOF_AUC=0.7894 (delta=-0.0059)
[rnn/HTN stage1 12/16] {'rnn_type': 'lstm', 'hidden_size': 16, 'num_layers': 2, 'head_hidden': 32} internal_OOF_AUC=0.7838 (delta=-0.0115)
[rnn/HTN stage1 13/16] {'rnn_type': 'lstm', 'hidden_size': 32, 'num_layers': 1, 'head_hidden': 16} internal_OOF_AUC=0.7968 (delta=+0.0015)
[rnn/HTN stage1 14/16] {'rnn_type': 'lstm', 'hidden_size': 32, 'num_layers': 1, 'head_hidden': 32} internal_OOF_AUC=0.7879 (delta=-0.0074)
[rnn/HTN stage1 15/16] {'rnn_type': 'lstm', 'hidden_size': 32, 'num_layers': 2, 'head_hidden': 16} internal_OOF_AUC=0.7958 (delta=+0.0005)
[rnn/HTN stage1 16/16] {'rnn_type': 'lstm', 'hidden_size': 32, 'num_layers': 2, 'head_hidden': 32} internal_OOF_AUC=0.7972 (delta=+0.0019)
[rnn/HTN stage2-refine] {'rnn_type': 'lstm', 'hidden_size': 32, 'num_layers': 2, 'head_hidden': 32} internal_OOF_AUC=0.7957 (delta=+0.0004, ensemble=3)
[rnn/HTN stage2-refine] {'rnn_type': 'gru', 'hidden_size': 16, 'num_layers': 2, 'head_hidden': 32} internal_OOF_AUC=0.7967 (delta=+0.0014, ensemble=3)
[rnn/HTN stage2-refine] {'rnn_type': 'lstm', 'hidden_size': 32, 'num_layers': 1, 'head_hidden': 16} internal_OOF_AUC=0.7959 (delta=+0.0006, ensemble=3)
[rnn/HTN 선택] {'rnn_type': 'gru', 'hidden_size': 16, 'num_layers': 2, 'head_hidden': 32} internal_OOF_AUC=0.7967 (delta=+0.0014 vs clinic4)
[rnn/HTN external, 1회 동결평가] clinic4 AUC=0.7177 95%CI=[0.6874, 0.7489] / rnn AUC=0.7328 95%CI=[0.7036, 0.7640]
[rnn vs clinic4 / HTN / internal] delta_auc=+0.0014 z=0.2864 p=0.7745
[rnn vs clinic4 / HTN / external] delta_auc=+0.0151 z=2.7239 p=0.0065
[baseline/DM] clinic4 internal OOF AUC=0.7186
[rnn/DM stage1 1/16] {'rnn_type': 'gru', 'hidden_size': 16, 'num_layers': 1, 'head_hidden': 16} internal_OOF_AUC=0.7315 (delta=+0.0130)
[rnn/DM stage1 2/16] {'rnn_type': 'gru', 'hidden_size': 16, 'num_layers': 1, 'head_hidden': 32} internal_OOF_AUC=0.7314 (delta=+0.0128)
[rnn/DM stage1 3/16] {'rnn_type': 'gru', 'hidden_size': 16, 'num_layers': 2, 'head_hidden': 16} internal_OOF_AUC=0.7204 (delta=+0.0019)
[rnn/DM stage1 4/16] {'rnn_type': 'gru', 'hidden_size': 16, 'num_layers': 2, 'head_hidden': 32} internal_OOF_AUC=0.7264 (delta=+0.0078)
[rnn/DM stage1 5/16] {'rnn_type': 'gru', 'hidden_size': 32, 'num_layers': 1, 'head_hidden': 16} internal_OOF_AUC=0.7012 (delta=-0.0173)
[rnn/DM stage1 6/16] {'rnn_type': 'gru', 'hidden_size': 32, 'num_layers': 1, 'head_hidden': 32} internal_OOF_AUC=0.7177 (delta=-0.0009)
[rnn/DM stage1 7/16] {'rnn_type': 'gru', 'hidden_size': 32, 'num_layers': 2, 'head_hidden': 16} internal_OOF_AUC=0.7017 (delta=-0.0169)
[rnn/DM stage1 8/16] {'rnn_type': 'gru', 'hidden_size': 32, 'num_layers': 2, 'head_hidden': 32} internal_OOF_AUC=0.7184 (delta=-0.0002)
[rnn/DM stage1 9/16] {'rnn_type': 'lstm', 'hidden_size': 16, 'num_layers': 1, 'head_hidden': 16} internal_OOF_AUC=0.7103 (delta=-0.0083)
[rnn/DM stage1 10/16] {'rnn_type': 'lstm', 'hidden_size': 16, 'num_layers': 1, 'head_hidden': 32} internal_OOF_AUC=0.6967 (delta=-0.0219)
[rnn/DM stage1 11/16] {'rnn_type': 'lstm', 'hidden_size': 16, 'num_layers': 2, 'head_hidden': 16} internal_OOF_AUC=0.7252 (delta=+0.0067)
[rnn/DM stage1 12/16] {'rnn_type': 'lstm', 'hidden_size': 16, 'num_layers': 2, 'head_hidden': 32} internal_OOF_AUC=0.7003 (delta=-0.0183)
[rnn/DM stage1 13/16] {'rnn_type': 'lstm', 'hidden_size': 32, 'num_layers': 1, 'head_hidden': 16} internal_OOF_AUC=0.7294 (delta=+0.0109)
[rnn/DM stage1 14/16] {'rnn_type': 'lstm', 'hidden_size': 32, 'num_layers': 1, 'head_hidden': 32} internal_OOF_AUC=0.7209 (delta=+0.0024)
[rnn/DM stage1 15/16] {'rnn_type': 'lstm', 'hidden_size': 32, 'num_layers': 2, 'head_hidden': 16} internal_OOF_AUC=0.7295 (delta=+0.0110)
[rnn/DM stage1 16/16] {'rnn_type': 'lstm', 'hidden_size': 32, 'num_layers': 2, 'head_hidden': 32} internal_OOF_AUC=0.7366 (delta=+0.0180)
[rnn/DM stage2-refine] {'rnn_type': 'lstm', 'hidden_size': 32, 'num_layers': 2, 'head_hidden': 32} internal_OOF_AUC=0.7255 (delta=+0.0069, ensemble=3)
[rnn/DM stage2-refine] {'rnn_type': 'gru', 'hidden_size': 16, 'num_layers': 1, 'head_hidden': 16} internal_OOF_AUC=0.7208 (delta=+0.0022, ensemble=3)
[rnn/DM stage2-refine] {'rnn_type': 'gru', 'hidden_size': 16, 'num_layers': 1, 'head_hidden': 32} internal_OOF_AUC=0.7309 (delta=+0.0124, ensemble=3)
[rnn/DM 선택] {'rnn_type': 'gru', 'hidden_size': 16, 'num_layers': 1, 'head_hidden': 32} internal_OOF_AUC=0.7309 (delta=+0.0124 vs clinic4)
[rnn/DM external, 1회 동결평가] clinic4 AUC=0.6655 95%CI=[0.6324, 0.6991] / rnn AUC=0.6690 95%CI=[0.6360, 0.7032]
[rnn vs clinic4 / DM / internal] delta_auc=+0.0124 z=1.3993 p=0.1617
[rnn vs clinic4 / DM / external] delta_auc=+0.0035 z=0.3880 p=0.6980
[baseline/CKD] clinic4 internal OOF AUC=0.7661
[rnn/CKD stage1 1/16] {'rnn_type': 'gru', 'hidden_size': 16, 'num_layers': 1, 'head_hidden': 16} internal_OOF_AUC=0.7409 (delta=-0.0251)
[rnn/CKD stage1 2/16] {'rnn_type': 'gru', 'hidden_size': 16, 'num_layers': 1, 'head_hidden': 32} internal_OOF_AUC=0.7292 (delta=-0.0369)
[rnn/CKD stage1 3/16] {'rnn_type': 'gru', 'hidden_size': 16, 'num_layers': 2, 'head_hidden': 16} internal_OOF_AUC=0.7449 (delta=-0.0212)
[rnn/CKD stage1 4/16] {'rnn_type': 'gru', 'hidden_size': 16, 'num_layers': 2, 'head_hidden': 32} internal_OOF_AUC=0.7418 (delta=-0.0243)
[rnn/CKD stage1 5/16] {'rnn_type': 'gru', 'hidden_size': 32, 'num_layers': 1, 'head_hidden': 16} internal_OOF_AUC=0.7405 (delta=-0.0256)
[rnn/CKD stage1 6/16] {'rnn_type': 'gru', 'hidden_size': 32, 'num_layers': 1, 'head_hidden': 32} internal_OOF_AUC=0.7315 (delta=-0.0346)
[rnn/CKD stage1 7/16] {'rnn_type': 'gru', 'hidden_size': 32, 'num_layers': 2, 'head_hidden': 16} internal_OOF_AUC=0.7257 (delta=-0.0403)
[rnn/CKD stage1 8/16] {'rnn_type': 'gru', 'hidden_size': 32, 'num_layers': 2, 'head_hidden': 32} internal_OOF_AUC=0.7365 (delta=-0.0296)
[rnn/CKD stage1 9/16] {'rnn_type': 'lstm', 'hidden_size': 16, 'num_layers': 1, 'head_hidden': 16} internal_OOF_AUC=0.7639 (delta=-0.0021)
[rnn/CKD stage1 10/16] {'rnn_type': 'lstm', 'hidden_size': 16, 'num_layers': 1, 'head_hidden': 32} internal_OOF_AUC=0.7415 (delta=-0.0246)
[rnn/CKD stage1 11/16] {'rnn_type': 'lstm', 'hidden_size': 16, 'num_layers': 2, 'head_hidden': 16} internal_OOF_AUC=0.7242 (delta=-0.0419)
[rnn/CKD stage1 12/16] {'rnn_type': 'lstm', 'hidden_size': 16, 'num_layers': 2, 'head_hidden': 32} internal_OOF_AUC=0.7358 (delta=-0.0303)
[rnn/CKD stage1 13/16] {'rnn_type': 'lstm', 'hidden_size': 32, 'num_layers': 1, 'head_hidden': 16} internal_OOF_AUC=0.7513 (delta=-0.0148)
[rnn/CKD stage1 14/16] {'rnn_type': 'lstm', 'hidden_size': 32, 'num_layers': 1, 'head_hidden': 32} internal_OOF_AUC=0.7358 (delta=-0.0303)
[rnn/CKD stage1 15/16] {'rnn_type': 'lstm', 'hidden_size': 32, 'num_layers': 2, 'head_hidden': 16} internal_OOF_AUC=0.7231 (delta=-0.0430)
[rnn/CKD stage1 16/16] {'rnn_type': 'lstm', 'hidden_size': 32, 'num_layers': 2, 'head_hidden': 32} internal_OOF_AUC=0.7626 (delta=-0.0035)
[rnn/CKD stage2-refine] {'rnn_type': 'lstm', 'hidden_size': 16, 'num_layers': 1, 'head_hidden': 16} internal_OOF_AUC=0.7606 (delta=-0.0055, ensemble=3)
[rnn/CKD stage2-refine] {'rnn_type': 'lstm', 'hidden_size': 32, 'num_layers': 2, 'head_hidden': 32} internal_OOF_AUC=0.7653 (delta=-0.0007, ensemble=3)
[rnn/CKD stage2-refine] {'rnn_type': 'lstm', 'hidden_size': 32, 'num_layers': 1, 'head_hidden': 16} internal_OOF_AUC=0.7570 (delta=-0.0091, ensemble=3)
[rnn/CKD 선택] {'rnn_type': 'lstm', 'hidden_size': 32, 'num_layers': 2, 'head_hidden': 32} internal_OOF_AUC=0.7653 (delta=-0.0007 vs clinic4)
[rnn/CKD external, 1회 동결평가] clinic4 AUC=0.6156 95%CI=[0.5713, 0.6618] / rnn AUC=0.6222 95%CI=[0.5757, 0.6680]
[rnn vs clinic4 / CKD / internal] delta_auc=-0.0007 z=-0.0840 p=0.9330
[rnn vs clinic4 / CKD / external] delta_auc=+0.0066 z=1.3125 p=0.1893
Saved stage1/stage2 search to C:\Users\jhjun\OneDrive\Desktop\Clinical_Study\outputs\arch_day1_rnn
Saved classification summary to C:\Users\jhjun\OneDrive\Desktop\Clinical_Study\outputs\arch_day1_rnn\classification_summary.csv
Saved DeLong comparison to C:\Users\jhjun\OneDrive\Desktop\Clinical_Study\outputs\arch_day1_rnn\delong_vs_clinic4.csv
Saved comparison plot to C:\Users\jhjun\OneDrive\Desktop\Clinical_Study\outputs\arch_day1_rnn\classification_auc_comparison.png
[rnn] 결과 저장 완료: C:\Users\jhjun\OneDrive\Desktop\Clinical_Study\outputs\arch_day1_rnn
